// Jest Snapshot v1, https://goo.gl/fbAQLP

exports[`testing Calculator component render 1`] = `
<div
  className="calculator"
>
  <button
    className="button"
    data-testid="result-text-button"
    onClick={[Function]}
    onKeyDown={[Function]}
    style={
      Object {
        "backgroundColor": "#858693",
        "color": "#fff",
        "cursor": "auto",
        "flex": 1,
        "justifyContent": "flex-end",
        "paddingRight": "2em",
      }
    }
    type="button"
  >
    <p>
      0
    </p>
  </button>
  <div
    className="row"
  >
    <button
      className="button"
      data-testid="button"
      onClick={[Function]}
      onKeyDown={[Function]}
      style={
        Object {
          "backgroundColor": "#e0e0e0",
          "color": "#000",
          "cursor": "pointer",
          "flex": 1,
          "justifyContent": "center",
          "paddingRight": "0",
        }
      }
      type="button"
    >
      <p>
        AC
      </p>
    </button>
    <button
      className="button"
      data-testid="button"
      onClick={[Function]}
      onKeyDown={[Function]}
      style={
        Object {
          "backgroundColor": "#e0e0e0",
          "color": "#000",
          "cursor": "pointer",
          "flex": 1,
          "justifyContent": "center",
          "paddingRight": "0",
        }
      }
      type="button"
    >
      <p>
        +/-
      </p>
    </button>
    <button
      className="button"
      data-testid="button"
      onClick={[Function]}
      onKeyDown={[Function]}
      style={
        Object {
          "backgroundColor": "#e0e0e0",
          "color": "#000",
          "cursor": "pointer",
          "flex": 1,
          "justifyContent": "center",
          "paddingRight": "0",
        }
      }
      type="button"
    >
      <p>
        %
      </p>
    </button>
    <button
      className="button"
      data-testid="button"
      onClick={[Function]}
      onKeyDown={[Function]}
      style={
        Object {
          "backgroundColor": "#f5913e",
          "color": "#000",
          "cursor": "pointer",
          "flex": 1,
          "justifyContent": "center",
          "paddingRight": "0",
        }
      }
      type="button"
    >
      <p>
        รท
      </p>
    </button>
  </div>
  <div
    className="row"
  >
    <button
      className="button"
      data-testid="button"
      onClick={[Function]}
      onKeyDown={[Function]}
      style={
        Object {
          "backgroundColor": "#e0e0e0",
          "color": "#000",
          "cursor": "pointer",
          "flex": 1,
          "justifyContent": "center",
          "paddingRight": "0",
        }
      }
      type="button"
    >
      <p>
        7
      </p>
    </button>
    <button
      className="button"
      data-testid="button"
      onClick={[Function]}
      onKeyDown={[Function]}
      style={
        Object {
          "backgroundColor": "#e0e0e0",
          "color": "#000",
          "cursor": "pointer",
          "flex": 1,
          "justifyContent": "center",
          "paddingRight": "0",
        }
      }
      type="button"
    >
      <p>
        8
      </p>
    </button>
    <button
      className="button"
      data-testid="button"
      onClick={[Function]}
      onKeyDown={[Function]}
      style={
        Object {
          "backgroundColor": "#e0e0e0",
          "color": "#000",
          "cursor": "pointer",
          "flex": 1,
          "justifyContent": "center",
          "paddingRight": "0",
        }
      }
      type="button"
    >
      <p>
        9
      </p>
    </button>
    <button
      className="button"
      data-testid="button"
      onClick={[Function]}
      onKeyDown={[Function]}
      style={
        Object {
          "backgroundColor": "#f5913e",
          "color": "#000",
          "cursor": "pointer",
          "flex": 1,
          "justifyContent": "center",
          "paddingRight": "0",
        }
      }
      type="button"
    >
      <p>
        x
      </p>
    </button>
  </div>
  <div
    className="row"
  >
    <button
      className="button"
      data-testid="button"
      onClick={[Function]}
      onKeyDown={[Function]}
      style={
        Object {
          "backgroundColor": "#e0e0e0",
          "color": "#000",
          "cursor": "pointer",
          "flex": 1,
          "justifyContent": "center",
          "paddingRight": "0",
        }
      }
      type="button"
    >
      <p>
        4
      </p>
    </button>
    <button
      className="button"
      data-testid="button"
      onClick={[Function]}
      onKeyDown={[Function]}
      style={
        Object {
          "backgroundColor": "#e0e0e0",
          "color": "#000",
          "cursor": "pointer",
          "flex": 1,
          "justifyContent": "center",
          "paddingRight": "0",
        }
      }
      type="button"
    >
      <p>
        5
      </p>
    </button>
    <button
      className="button"
      data-testid="button"
      onClick={[Function]}
      onKeyDown={[Function]}
      style={
        Object {
          "backgroundColor": "#e0e0e0",
          "color": "#000",
          "cursor": "pointer",
          "flex": 1,
          "justifyContent": "center",
          "paddingRight": "0",
        }
      }
      type="button"
    >
      <p>
        6
      </p>
    </button>
    <button
      className="button"
      data-testid="button"
      onClick={[Function]}
      onKeyDown={[Function]}
      style={
        Object {
          "backgroundColor": "#f5913e",
          "color": "#000",
          "cursor": "pointer",
          "flex": 1,
          "justifyContent": "center",
          "paddingRight": "0",
        }
      }
      type="button"
    >
      <p>
        -
      </p>
    </button>
  </div>
  <div
    className="row"
  >
    <button
      className="button"
      data-testid="button"
      onClick={[Function]}
      onKeyDown={[Function]}
      style={
        Object {
          "backgroundColor": "#e0e0e0",
          "color": "#000",
          "cursor": "pointer",
          "flex": 1,
          "justifyContent": "center",
          "paddingRight": "0",
        }
      }
      type="button"
    >
      <p>
        1
      </p>
    </button>
    <button
      className="button"
      data-testid="button"
      onClick={[Function]}
      onKeyDown={[Function]}
      style={
        Object {
          "backgroundColor": "#e0e0e0",
          "color": "#000",
          "cursor": "pointer",
          "flex": 1,
          "justifyContent": "center",
          "paddingRight": "0",
        }
      }
      type="button"
    >
      <p>
        2
      </p>
    </button>
    <button
      className="button"
      data-testid="button"
      onClick={[Function]}
      onKeyDown={[Function]}
      style={
        Object {
          "backgroundColor": "#e0e0e0",
          "color": "#000",
          "cursor": "pointer",
          "flex": 1,
          "justifyContent": "center",
          "paddingRight": "0",
        }
      }
      type="button"
    >
      <p>
        3
      </p>
    </button>
    <button
      className="button"
      data-testid="button"
      onClick={[Function]}
      onKeyDown={[Function]}
      style={
        Object {
          "backgroundColor": "#f5913e",
          "color": "#000",
          "cursor": "pointer",
          "flex": 1,
          "justifyContent": "center",
          "paddingRight": "0",
        }
      }
      type="button"
    >
      <p>
        +
      </p>
    </button>
  </div>
  <div
    className="row"
  >
    <button
      className="button"
      data-testid="button"
      onClick={[Function]}
      onKeyDown={[Function]}
      style={
        Object {
          "backgroundColor": "#e0e0e0",
          "color": "#000",
          "cursor": "pointer",
          "flex": 2,
          "justifyContent": "center",
          "paddingRight": "0",
        }
      }
      type="button"
    >
      <p>
        0
      </p>
    </button>
    <button
      className="button"
      data-testid="button"
      onClick={[Function]}
      onKeyDown={[Function]}
      style={
        Object {
          "backgroundColor": "#e0e0e0",
          "color": "#000",
          "cursor": "pointer",
          "flex": 1,
          "justifyContent": "center",
          "paddingRight": "0",
        }
      }
      type="button"
    >
      <p>
        .
      </p>
    </button>
    <button
      className="button"
      data-testid="button"
      onClick={[Function]}
      onKeyDown={[Function]}
      style={
        Object {
          "backgroundColor": "#f5913e",
          "color": "#000",
          "cursor": "pointer",
          "flex": 1,
          "justifyContent": "center",
          "paddingRight": "0",
        }
      }
      type="button"
    >
      <p>
        =
      </p>
    </button>
  </div>
</div>
`;
