// Jest Snapshot v1, https://goo.gl/fbAQLP

exports[`testing NavBar component render 1`] = `
<nav
  className="nav"
>
  <h2>
    Math Magicians
  </h2>
  <ul
    className="ul"
  >
    <li
      className="li"
    >
      <a
        aria-current="page"
        className="active"
        href="/"
        onClick={[Function]}
      >
        Home
      </a>
    </li>
    <li
      className="li"
    >
      <a
        className=""
        href="/calculator"
        onClick={[Function]}
      >
        Calculator
      </a>
    </li>
    <li
      className="li"
    >
      <a
        className=""
        href="/quote"
        onClick={[Function]}
      >
        Quotes
      </a>
    </li>
  </ul>
</nav>
`;
